{
    "id": "<guid_0>",
    "message": "This is Red Leader. We're approaching the Ison Corridor!",
    "user": "Luke Skywalker"
}
